Archive member included to satisfy reference by file (symbol)

c:/intelfpga_lite/18.1/nios2eds/bin/gnu/h-x86_64-mingw32/bin/../lib/gcc/nios2-elf/5.3.0/mno-hw-mul\libgcc.a(lib2-mul.o)
                              obj/default/dogtest.o (__mulsi3)
c:/intelfpga_lite/18.1/nios2eds/bin/gnu/h-x86_64-mingw32/bin/../lib/gcc/nios2-elf/5.3.0/mno-hw-mul\libgcc.a(muldf3.o)
                              obj/default/dogtest.o (__muldf3)
c:/intelfpga_lite/18.1/nios2eds/bin/gnu/h-x86_64-mingw32/bin/../lib/gcc/nios2-elf/5.3.0/mno-hw-mul\libgcc.a(fixdfsi.o)
                              obj/default/dogtest.o (__fixdfsi)
c:/intelfpga_lite/18.1/nios2eds/bin/gnu/h-x86_64-mingw32/bin/../lib/gcc/nios2-elf/5.3.0/mno-hw-mul\libgcc.a(extendsfdf2.o)
                              obj/default/dogtest.o (__extendsfdf2)
c:/intelfpga_lite/18.1/nios2eds/bin/gnu/h-x86_64-mingw32/bin/../lib/gcc/nios2-elf/5.3.0/mno-hw-mul\libgcc.a(_clzsi2.o)
                              c:/intelfpga_lite/18.1/nios2eds/bin/gnu/h-x86_64-mingw32/bin/../lib/gcc/nios2-elf/5.3.0/mno-hw-mul\libgcc.a(muldf3.o) (__clzsi2)
c:/intelfpga_lite/18.1/nios2eds/bin/gnu/h-x86_64-mingw32/bin/../lib/gcc/nios2-elf/5.3.0/mno-hw-mul\libgcc.a(_clz.o)
                              c:/intelfpga_lite/18.1/nios2eds/bin/gnu/h-x86_64-mingw32/bin/../lib/gcc/nios2-elf/5.3.0/mno-hw-mul\libgcc.a(_clzsi2.o) (__clz_tab)
c:/intelfpga_lite/18.1/nios2eds/bin/gnu/h-x86_64-mingw32/bin/../lib/gcc/nios2-elf/5.3.0/../../../../../H-x86_64-mingw32/nios2-elf/lib/mno-hw-mul\libsmallc.a(lib_a-strlen.o)
                              obj/default/dogtest.o (strlen)
../dog_sw_test3_bsp/\libhal_bsp.a(alt_irq_register.o)
                              obj/default/dogtest.o (alt_irq_register)
../dog_sw_test3_bsp/\libhal_bsp.a(alt_irq_vars.o)
                              ../dog_sw_test3_bsp/\libhal_bsp.a(alt_irq_register.o) (alt_irq_active)
../dog_sw_test3_bsp/\libhal_bsp.a(alt_load.o)
                              ../dog_sw_test3_bsp//obj/HAL/src/crt0.o (alt_load)
../dog_sw_test3_bsp/\libhal_bsp.a(alt_main.o)
                              ../dog_sw_test3_bsp//obj/HAL/src/crt0.o (alt_main)
../dog_sw_test3_bsp/\libhal_bsp.a(alt_sys_init.o)
                              ../dog_sw_test3_bsp/\libhal_bsp.a(alt_main.o) (alt_irq_init)
../dog_sw_test3_bsp/\libhal_bsp.a(alt_dcache_flush_all.o)
                              ../dog_sw_test3_bsp/\libhal_bsp.a(alt_load.o) (alt_dcache_flush_all)
../dog_sw_test3_bsp/\libhal_bsp.a(alt_dev.o)
                              ../dog_sw_test3_bsp/\libhal_bsp.a(alt_sys_init.o) (alt_dev_list)
../dog_sw_test3_bsp/\libhal_bsp.a(alt_dev_llist_insert.o)
                              ../dog_sw_test3_bsp/\libhal_bsp.a(alt_sys_init.o) (alt_dev_llist_insert)
../dog_sw_test3_bsp/\libhal_bsp.a(alt_errno.o)
                              ../dog_sw_test3_bsp/\libhal_bsp.a(alt_dev_llist_insert.o) (alt_errno)
../dog_sw_test3_bsp/\libhal_bsp.a(alt_icache_flush_all.o)
                              ../dog_sw_test3_bsp/\libhal_bsp.a(alt_load.o) (alt_icache_flush_all)
../dog_sw_test3_bsp/\libhal_bsp.a(alt_irq_entry.o)
                              ../dog_sw_test3_bsp/\libhal_bsp.a(alt_irq_register.o) (alt_irq_entry)
../dog_sw_test3_bsp/\libhal_bsp.a(alt_irq_handler.o)
                              ../dog_sw_test3_bsp/\libhal_bsp.a(alt_irq_register.o) (alt_irq_handler)
../dog_sw_test3_bsp/\libhal_bsp.a(altera_nios2_gen2_irq.o)
                              ../dog_sw_test3_bsp/\libhal_bsp.a(alt_sys_init.o) (altera_nios2_gen2_irq_init)
../dog_sw_test3_bsp/\libhal_bsp.a(alt_exception_entry.o)
                              ../dog_sw_test3_bsp/\libhal_bsp.a(alt_irq_entry.o) (alt_exception)
../dog_sw_test3_bsp/\libhal_bsp.a(alt_instruction_exception_entry.o)
                              ../dog_sw_test3_bsp/\libhal_bsp.a(alt_exception_entry.o) (alt_instruction_exception_entry)
c:/intelfpga_lite/18.1/nios2eds/bin/gnu/h-x86_64-mingw32/bin/../lib/gcc/nios2-elf/5.3.0/../../../../../H-x86_64-mingw32/nios2-elf/lib/mno-hw-mul\libsmallc.a(lib_a-int_errno.o)
                              ../dog_sw_test3_bsp/\libhal_bsp.a(alt_dev_llist_insert.o) (errno)

Allocating common symbols
Common symbol       size              file

alt_irq             0x100             ../dog_sw_test3_bsp/\libhal_bsp.a(alt_irq_handler.o)
errno               0x4               c:/intelfpga_lite/18.1/nios2eds/bin/gnu/h-x86_64-mingw32/bin/../lib/gcc/nios2-elf/5.3.0/../../../../../H-x86_64-mingw32/nios2-elf/lib/mno-hw-mul\libsmallc.a(lib_a-int_errno.o)
led                 0x1               obj/default/dogtest.o
filter_coefficients
                    0x70              obj/default/dogtest.o
level               0x4               obj/default/dogtest.o

Memory Configuration

Name             Origin             Length             Attributes
reset            0x0000000000010000 0x0000000000000020
onchip_memory    0x0000000000010020 0x000000000000ffe0
*default*        0x0000000000000000 0xffffffffffffffff

Linker script and memory map

LOAD ../dog_sw_test3_bsp//obj/HAL/src/crt0.o
LOAD obj/default/dogtest.o
LOAD c:/intelfpga_lite/18.1/nios2eds/bin/gnu/h-x86_64-mingw32/bin/../lib/gcc/nios2-elf/5.3.0/../../../../../H-x86_64-mingw32/nios2-elf/lib/mno-hw-mul\libstdc++.a
LOAD c:/intelfpga_lite/18.1/nios2eds/bin/gnu/h-x86_64-mingw32/bin/../lib/gcc/nios2-elf/5.3.0/../../../../../H-x86_64-mingw32/nios2-elf/lib/mno-hw-mul\libm.a
LOAD c:/intelfpga_lite/18.1/nios2eds/bin/gnu/h-x86_64-mingw32/bin/../lib/gcc/nios2-elf/5.3.0/mno-hw-mul\libgcc.a
START GROUP
LOAD c:/intelfpga_lite/18.1/nios2eds/bin/gnu/h-x86_64-mingw32/bin/../lib/gcc/nios2-elf/5.3.0/../../../../../H-x86_64-mingw32/nios2-elf/lib/mno-hw-mul\libsmallc.a
LOAD c:/intelfpga_lite/18.1/nios2eds/bin/gnu/h-x86_64-mingw32/bin/../lib/gcc/nios2-elf/5.3.0/mno-hw-mul\libgcc.a
LOAD ../dog_sw_test3_bsp/\libhal_bsp.a
LOAD c:/intelfpga_lite/18.1/nios2eds/bin/gnu/h-x86_64-mingw32/bin/../lib/gcc/nios2-elf/5.3.0/../../../../../H-x86_64-mingw32/nios2-elf/lib/mno-hw-mul\libm.a
END GROUP
LOAD c:/intelfpga_lite/18.1/nios2eds/bin/gnu/h-x86_64-mingw32/bin/../lib/gcc/nios2-elf/5.3.0/mno-hw-mul\libgcc.a
                0x0000000000010000                __alt_mem_onchip_memory = 0x10000

.entry          0x0000000000010000       0x20
 *(.entry)
 .entry         0x0000000000010000       0x20 ../dog_sw_test3_bsp//obj/HAL/src/crt0.o
                0x0000000000010000                __reset
                0x000000000001000c                _exit

.exceptions     0x0000000000010020      0x160
                0x0000000000010020                PROVIDE (__ram_exceptions_start, ABSOLUTE (.))
                0x0000000000010020                . = ALIGN (0x20)
 *(.irq)
 *(.exceptions.entry.label)
 .exceptions.entry.label
                0x0000000000010020        0x0 ../dog_sw_test3_bsp/\libhal_bsp.a(alt_irq_entry.o)
                0x0000000000010020                alt_irq_entry
 .exceptions.entry.label
                0x0000000000010020        0x0 ../dog_sw_test3_bsp/\libhal_bsp.a(alt_exception_entry.o)
                0x0000000000010020                alt_exception
 *(.exceptions.entry.user)
 *(.exceptions.entry.ecc_fatal)
 *(.exceptions.entry)
 .exceptions.entry
                0x0000000000010020       0x54 ../dog_sw_test3_bsp/\libhal_bsp.a(alt_exception_entry.o)
 *(.exceptions.irqtest.user)
 *(.exceptions.irqtest)
 .exceptions.irqtest
                0x0000000000010074       0x10 ../dog_sw_test3_bsp/\libhal_bsp.a(alt_irq_entry.o)
 *(.exceptions.irqhandler.user)
 *(.exceptions.irqhandler)
 .exceptions.irqhandler
                0x0000000000010084        0x4 ../dog_sw_test3_bsp/\libhal_bsp.a(alt_irq_entry.o)
 *(.exceptions.irqreturn.user)
 *(.exceptions.irqreturn)
 .exceptions.irqreturn
                0x0000000000010088        0x4 ../dog_sw_test3_bsp/\libhal_bsp.a(alt_irq_entry.o)
 *(.exceptions.notirq.label)
 .exceptions.notirq.label
                0x000000000001008c        0x0 ../dog_sw_test3_bsp/\libhal_bsp.a(alt_irq_entry.o)
 *(.exceptions.notirq.user)
 *(.exceptions.notirq)
 .exceptions.notirq
                0x000000000001008c        0x8 ../dog_sw_test3_bsp/\libhal_bsp.a(alt_exception_entry.o)
 *(.exceptions.soft.user)
 *(.exceptions.soft)
 *(.exceptions.unknown.user)
 *(.exceptions.unknown)
 .exceptions.unknown
                0x0000000000010094       0x14 ../dog_sw_test3_bsp/\libhal_bsp.a(alt_exception_entry.o)
 *(.exceptions.exit.label)
 .exceptions.exit.label
                0x00000000000100a8        0x0 ../dog_sw_test3_bsp/\libhal_bsp.a(alt_irq_entry.o)
 .exceptions.exit.label
                0x00000000000100a8        0x0 ../dog_sw_test3_bsp/\libhal_bsp.a(alt_exception_entry.o)
 *(.exceptions.exit.user)
 *(.exceptions.exit)
 .exceptions.exit
                0x00000000000100a8       0x54 ../dog_sw_test3_bsp/\libhal_bsp.a(alt_exception_entry.o)
 *(.exceptions)
 .exceptions    0x00000000000100fc       0x60 ../dog_sw_test3_bsp/\libhal_bsp.a(alt_irq_handler.o)
                0x00000000000100fc                alt_irq_handler
 .exceptions    0x000000000001015c       0x24 ../dog_sw_test3_bsp/\libhal_bsp.a(alt_instruction_exception_entry.o)
                0x000000000001015c                alt_instruction_exception_entry
                0x0000000000010180                PROVIDE (__ram_exceptions_end, ABSOLUTE (.))
                0x0000000000010020                PROVIDE (__flash_exceptions_start, LOADADDR (.exceptions))

.text           0x0000000000010180     0x115c
                [!provide]                        PROVIDE (stext, ABSOLUTE (.))
 *(.interp)
 *(.hash)
 *(.dynsym)
 *(.dynstr)
 *(.gnu.version)
 *(.gnu.version_d)
 *(.gnu.version_r)
 *(.rel.init)
 *(.rela.init)
 *(.rel.text .rel.text.* .rel.gnu.linkonce.t.*)
 *(.rela.text .rela.text.* .rela.gnu.linkonce.t.*)
 *(.rel.fini)
 *(.rela.fini)
 *(.rel.rodata .rel.rodata.* .rel.gnu.linkonce.r.*)
 *(.rela.rodata .rela.rodata.* .rela.gnu.linkonce.r.*)
 *(.rel.data .rel.data.* .rel.gnu.linkonce.d.*)
 *(.rela.data .rela.data.* .rela.gnu.linkonce.d.*)
 *(.rel.tdata .rel.tdata.* .rel.gnu.linkonce.td.*)
 *(.rela.tdata .rela.tdata.* .rela.gnu.linkonce.td.*)
 *(.rel.tbss .rel.tbss.* .rel.gnu.linkonce.tb.*)
 *(.rela.tbss .rela.tbss.* .rela.gnu.linkonce.tb.*)
 *(.rel.ctors)
 *(.rela.ctors)
 *(.rel.dtors)
 *(.rela.dtors)
 *(.rel.got)
 *(.rela.got)
 *(.rel.sdata .rel.sdata.* .rel.gnu.linkonce.s.*)
 *(.rela.sdata .rela.sdata.* .rela.gnu.linkonce.s.*)
 *(.rel.sbss .rel.sbss.* .rel.gnu.linkonce.sb.*)
 *(.rela.sbss .rela.sbss.* .rela.gnu.linkonce.sb.*)
 *(.rel.sdata2 .rel.sdata2.* .rel.gnu.linkonce.s2.*)
 *(.rela.sdata2 .rela.sdata2.* .rela.gnu.linkonce.s2.*)
 *(.rel.sbss2 .rel.sbss2.* .rel.gnu.linkonce.sb2.*)
 *(.rela.sbss2 .rela.sbss2.* .rela.gnu.linkonce.sb2.*)
 *(.rel.bss .rel.bss.* .rel.gnu.linkonce.b.*)
 *(.rela.bss .rela.bss.* .rela.gnu.linkonce.b.*)
 *(.rel.plt)
 *(.rela.plt)
 *(.rel.dyn)
 *(.init)
 *(.plt)
 *(.text .stub .text.* .gnu.linkonce.t.*)
 .text          0x0000000000010180       0x3c ../dog_sw_test3_bsp//obj/HAL/src/crt0.o
                0x0000000000010180                _start
 .text          0x00000000000101bc      0x39c obj/default/dogtest.o
                0x00000000000101bc                led_write
                0x00000000000101d0                convert_read
                0x0000000000010204                sys_timer_isr
                0x0000000000010284                timer_init
                0x00000000000102f4                floatArrayToFixed
                0x0000000000010378                filterFIR
                0x0000000000010420                HexOutChar
                0x00000000000104f0                HexOutStr
 .text.startup  0x0000000000010558       0x18 obj/default/dogtest.o
                0x0000000000010558                main
 .text          0x0000000000010570       0x28 c:/intelfpga_lite/18.1/nios2eds/bin/gnu/h-x86_64-mingw32/bin/../lib/gcc/nios2-elf/5.3.0/mno-hw-mul\libgcc.a(lib2-mul.o)
                0x0000000000010570                __mulsi3
 .text          0x0000000000010598      0x86c c:/intelfpga_lite/18.1/nios2eds/bin/gnu/h-x86_64-mingw32/bin/../lib/gcc/nios2-elf/5.3.0/mno-hw-mul\libgcc.a(muldf3.o)
                0x0000000000010598                __muldf3
 .text          0x0000000000010e04       0x80 c:/intelfpga_lite/18.1/nios2eds/bin/gnu/h-x86_64-mingw32/bin/../lib/gcc/nios2-elf/5.3.0/mno-hw-mul\libgcc.a(fixdfsi.o)
                0x0000000000010e04                __fixdfsi
 .text          0x0000000000010e84      0x110 c:/intelfpga_lite/18.1/nios2eds/bin/gnu/h-x86_64-mingw32/bin/../lib/gcc/nios2-elf/5.3.0/mno-hw-mul\libgcc.a(extendsfdf2.o)
                0x0000000000010e84                __extendsfdf2
 .text          0x0000000000010f94       0x64 c:/intelfpga_lite/18.1/nios2eds/bin/gnu/h-x86_64-mingw32/bin/../lib/gcc/nios2-elf/5.3.0/mno-hw-mul\libgcc.a(_clzsi2.o)
                0x0000000000010f94                __clzsi2
 .text          0x0000000000010ff8        0x0 c:/intelfpga_lite/18.1/nios2eds/bin/gnu/h-x86_64-mingw32/bin/../lib/gcc/nios2-elf/5.3.0/mno-hw-mul\libgcc.a(_clz.o)
 .text          0x0000000000010ff8        0x0 c:/intelfpga_lite/18.1/nios2eds/bin/gnu/h-x86_64-mingw32/bin/../lib/gcc/nios2-elf/5.3.0/../../../../../H-x86_64-mingw32/nios2-elf/lib/mno-hw-mul\libsmallc.a(lib_a-strlen.o)
 .text.strlen   0x0000000000010ff8       0x1c c:/intelfpga_lite/18.1/nios2eds/bin/gnu/h-x86_64-mingw32/bin/../lib/gcc/nios2-elf/5.3.0/../../../../../H-x86_64-mingw32/nios2-elf/lib/mno-hw-mul\libsmallc.a(lib_a-strlen.o)
                0x0000000000010ff8                strlen
 .text          0x0000000000011014       0x94 ../dog_sw_test3_bsp/\libhal_bsp.a(alt_irq_register.o)
                0x0000000000011014                alt_irq_register
 .text          0x00000000000110a8        0x0 ../dog_sw_test3_bsp/\libhal_bsp.a(alt_irq_vars.o)
 .text          0x00000000000110a8       0xe0 ../dog_sw_test3_bsp/\libhal_bsp.a(alt_load.o)
                0x00000000000110a8                alt_load
 .text          0x0000000000011188       0x2c ../dog_sw_test3_bsp/\libhal_bsp.a(alt_main.o)
                0x0000000000011188                alt_main
 .text          0x00000000000111b4       0x30 ../dog_sw_test3_bsp/\libhal_bsp.a(alt_sys_init.o)
                0x00000000000111b4                alt_irq_init
                0x00000000000111d4                alt_sys_init
 .text          0x00000000000111e4        0x4 ../dog_sw_test3_bsp/\libhal_bsp.a(alt_dcache_flush_all.o)
                0x00000000000111e4                alt_dcache_flush_all
 .text          0x00000000000111e8        0x8 ../dog_sw_test3_bsp/\libhal_bsp.a(alt_dev.o)
 .text          0x00000000000111f0       0x6c ../dog_sw_test3_bsp/\libhal_bsp.a(alt_dev_llist_insert.o)
                0x00000000000111f0                alt_dev_llist_insert
 .text          0x000000000001125c        0x0 ../dog_sw_test3_bsp/\libhal_bsp.a(alt_errno.o)
 .text          0x000000000001125c        0x4 ../dog_sw_test3_bsp/\libhal_bsp.a(alt_icache_flush_all.o)
                0x000000000001125c                alt_icache_flush_all
 .text          0x0000000000011260        0x0 ../dog_sw_test3_bsp/\libhal_bsp.a(alt_irq_entry.o)
 .text          0x0000000000011260        0x0 ../dog_sw_test3_bsp/\libhal_bsp.a(alt_irq_handler.o)
 .text          0x0000000000011260        0x8 ../dog_sw_test3_bsp/\libhal_bsp.a(altera_nios2_gen2_irq.o)
                0x0000000000011260                altera_nios2_gen2_irq_init
 .text          0x0000000000011268        0x0 ../dog_sw_test3_bsp/\libhal_bsp.a(alt_exception_entry.o)
 .text          0x0000000000011268       0x74 ../dog_sw_test3_bsp/\libhal_bsp.a(alt_instruction_exception_entry.o)
                0x0000000000011268                alt_exception_cause_generated_bad_addr
 .text          0x00000000000112dc        0x0 c:/intelfpga_lite/18.1/nios2eds/bin/gnu/h-x86_64-mingw32/bin/../lib/gcc/nios2-elf/5.3.0/../../../../../H-x86_64-mingw32/nios2-elf/lib/mno-hw-mul\libsmallc.a(lib_a-int_errno.o)
 *(.gnu.warning.*)
 *(.fini)
                [!provide]                        PROVIDE (__etext, ABSOLUTE (.))
                [!provide]                        PROVIDE (_etext, ABSOLUTE (.))
                [!provide]                        PROVIDE (etext, ABSOLUTE (.))
 *(.eh_frame_hdr)
                0x00000000000112dc                . = ALIGN (0x4)
                [!provide]                        PROVIDE (__preinit_array_start, ABSOLUTE (.))
 *(.preinit_array)
                [!provide]                        PROVIDE (__preinit_array_end, ABSOLUTE (.))
                [!provide]                        PROVIDE (__init_array_start, ABSOLUTE (.))
 *(.init_array)
                [!provide]                        PROVIDE (__init_array_end, ABSOLUTE (.))
                [!provide]                        PROVIDE (__fini_array_start, ABSOLUTE (.))
 *(.fini_array)
                [!provide]                        PROVIDE (__fini_array_end, ABSOLUTE (.))
 *(.eh_frame)
 *(.gcc_except_table .gcc_except_table.*)
 *(.dynamic)
                [!provide]                        PROVIDE (__CTOR_LIST__, ABSOLUTE (.))
 *(.ctors)
 *(SORT(.ctors.*))
                [!provide]                        PROVIDE (__CTOR_END__, ABSOLUTE (.))
                [!provide]                        PROVIDE (__DTOR_LIST__, ABSOLUTE (.))
 *(.dtors)
 *(SORT(.dtors.*))
                [!provide]                        PROVIDE (__DTOR_END__, ABSOLUTE (.))
 *(.jcr)
                0x00000000000112dc                . = ALIGN (0x4)

.rodata         0x00000000000112dc      0x124
                0x00000000000112dc                PROVIDE (__ram_rodata_start, ABSOLUTE (.))
                0x00000000000112dc                . = ALIGN (0x4)
 *(.rodata .rodata.* .gnu.linkonce.r.*)
 .rodata        0x00000000000112dc      0x100 c:/intelfpga_lite/18.1/nios2eds/bin/gnu/h-x86_64-mingw32/bin/../lib/gcc/nios2-elf/5.3.0/mno-hw-mul\libgcc.a(_clz.o)
                0x00000000000112dc                __clz_tab
 .rodata.str1.4
                0x00000000000113dc       0x17 ../dog_sw_test3_bsp/\libhal_bsp.a(alt_sys_init.o)
 *fill*         0x00000000000113f3        0x1 
 .rodata.str1.4
                0x00000000000113f4        0xc ../dog_sw_test3_bsp/\libhal_bsp.a(alt_dev.o)
                                          0xa (size before relaxing)
 *(.rodata1)
                0x0000000000011400                . = ALIGN (0x4)
                0x0000000000011400                PROVIDE (__ram_rodata_end, ABSOLUTE (.))
                0x00000000000112dc                PROVIDE (__flash_rodata_start, LOADADDR (.rodata))

.rwdata         0x0000000000011400      0x12c load address 0x000000000001152c
                0x0000000000011400                PROVIDE (__ram_rwdata_start, ABSOLUTE (.))
                0x0000000000011400                . = ALIGN (0x4)
 *(.got.plt)
 *(.got)
 *(.data1)
 *(.data .data.* .gnu.linkonce.d.*)
 .data          0x0000000000011400        0x0 ../dog_sw_test3_bsp//obj/HAL/src/crt0.o
 .data          0x0000000000011400       0x88 obj/default/dogtest.o
                0x0000000000011400                filter_coefficientsf
                0x0000000000011470                HEX_BASE
 .data          0x0000000000011488        0x0 c:/intelfpga_lite/18.1/nios2eds/bin/gnu/h-x86_64-mingw32/bin/../lib/gcc/nios2-elf/5.3.0/mno-hw-mul\libgcc.a(lib2-mul.o)
 .data          0x0000000000011488        0x0 c:/intelfpga_lite/18.1/nios2eds/bin/gnu/h-x86_64-mingw32/bin/../lib/gcc/nios2-elf/5.3.0/mno-hw-mul\libgcc.a(muldf3.o)
 .data          0x0000000000011488        0x0 c:/intelfpga_lite/18.1/nios2eds/bin/gnu/h-x86_64-mingw32/bin/../lib/gcc/nios2-elf/5.3.0/mno-hw-mul\libgcc.a(fixdfsi.o)
 .data          0x0000000000011488        0x0 c:/intelfpga_lite/18.1/nios2eds/bin/gnu/h-x86_64-mingw32/bin/../lib/gcc/nios2-elf/5.3.0/mno-hw-mul\libgcc.a(extendsfdf2.o)
 .data          0x0000000000011488        0x0 c:/intelfpga_lite/18.1/nios2eds/bin/gnu/h-x86_64-mingw32/bin/../lib/gcc/nios2-elf/5.3.0/mno-hw-mul\libgcc.a(_clzsi2.o)
 .data          0x0000000000011488        0x0 c:/intelfpga_lite/18.1/nios2eds/bin/gnu/h-x86_64-mingw32/bin/../lib/gcc/nios2-elf/5.3.0/mno-hw-mul\libgcc.a(_clz.o)
 .data          0x0000000000011488        0x0 c:/intelfpga_lite/18.1/nios2eds/bin/gnu/h-x86_64-mingw32/bin/../lib/gcc/nios2-elf/5.3.0/../../../../../H-x86_64-mingw32/nios2-elf/lib/mno-hw-mul\libsmallc.a(lib_a-strlen.o)
 .data          0x0000000000011488        0x0 ../dog_sw_test3_bsp/\libhal_bsp.a(alt_irq_register.o)
 .data          0x0000000000011488        0x0 ../dog_sw_test3_bsp/\libhal_bsp.a(alt_irq_vars.o)
 .data          0x0000000000011488        0x0 ../dog_sw_test3_bsp/\libhal_bsp.a(alt_load.o)
 .data          0x0000000000011488        0x0 ../dog_sw_test3_bsp/\libhal_bsp.a(alt_main.o)
 .data          0x0000000000011488       0x2c ../dog_sw_test3_bsp/\libhal_bsp.a(alt_sys_init.o)
 .data          0x00000000000114b4        0x0 ../dog_sw_test3_bsp/\libhal_bsp.a(alt_dcache_flush_all.o)
 .data          0x00000000000114b4       0x58 ../dog_sw_test3_bsp/\libhal_bsp.a(alt_dev.o)
                0x00000000000114b4                alt_fd_list
                0x00000000000114e4                alt_dev_null
 .data          0x000000000001150c        0x0 ../dog_sw_test3_bsp/\libhal_bsp.a(alt_dev_llist_insert.o)
 .data          0x000000000001150c        0x0 ../dog_sw_test3_bsp/\libhal_bsp.a(alt_errno.o)
 .data          0x000000000001150c        0x0 ../dog_sw_test3_bsp/\libhal_bsp.a(alt_icache_flush_all.o)
 .data          0x000000000001150c        0x0 ../dog_sw_test3_bsp/\libhal_bsp.a(alt_irq_entry.o)
 .data          0x000000000001150c        0x0 ../dog_sw_test3_bsp/\libhal_bsp.a(alt_irq_handler.o)
 .data          0x000000000001150c        0x0 ../dog_sw_test3_bsp/\libhal_bsp.a(altera_nios2_gen2_irq.o)
 .data          0x000000000001150c        0x0 ../dog_sw_test3_bsp/\libhal_bsp.a(alt_exception_entry.o)
 .data          0x000000000001150c        0x0 ../dog_sw_test3_bsp/\libhal_bsp.a(alt_instruction_exception_entry.o)
 .data          0x000000000001150c        0x0 c:/intelfpga_lite/18.1/nios2eds/bin/gnu/h-x86_64-mingw32/bin/../lib/gcc/nios2-elf/5.3.0/../../../../../H-x86_64-mingw32/nios2-elf/lib/mno-hw-mul\libsmallc.a(lib_a-int_errno.o)
                0x000000000001950c                _gp = ABSOLUTE ((. + 0x8000))
                [!provide]                        PROVIDE (gp, _gp)
 *(.rwdata .rwdata.*)
 *(.sdata .sdata.* .gnu.linkonce.s.*)
 .sdata         0x000000000001150c        0x4 ../dog_sw_test3_bsp/\libhal_bsp.a(alt_irq_vars.o)
                0x000000000001150c                alt_priority_mask
 .sdata         0x0000000000011510        0x4 ../dog_sw_test3_bsp/\libhal_bsp.a(alt_sys_init.o)
                0x0000000000011510                jtag_uart
 .sdata         0x0000000000011514       0x14 ../dog_sw_test3_bsp/\libhal_bsp.a(alt_dev.o)
                0x0000000000011514                alt_max_fd
                0x0000000000011518                alt_dev_list
                0x0000000000011520                alt_fs_list
 .sdata         0x0000000000011528        0x4 ../dog_sw_test3_bsp/\libhal_bsp.a(alt_errno.o)
                0x0000000000011528                alt_errno
 *(.sdata2 .sdata2.* .gnu.linkonce.s2.*)
                0x000000000001152c                . = ALIGN (0x4)
                0x000000000001152c                _edata = ABSOLUTE (.)
                [!provide]                        PROVIDE (edata, ABSOLUTE (.))
                0x000000000001152c                PROVIDE (__ram_rwdata_end, ABSOLUTE (.))
                0x000000000001152c                PROVIDE (__flash_rwdata_start, LOADADDR (.rwdata))

.bss            0x0000000000011658      0x204
                0x0000000000011658                __bss_start = ABSOLUTE (.)
                [!provide]                        PROVIDE (__sbss_start, ABSOLUTE (.))
                [!provide]                        PROVIDE (___sbss_start, ABSOLUTE (.))
 *(.dynsbss)
 *(.sbss .sbss.* .gnu.linkonce.sb.*)
 .sbss          0x0000000000011658        0x1 obj/default/dogtest.o
                0x0000000000011658                pwm
 *fill*         0x0000000000011659        0x3 
 .sbss          0x000000000001165c        0x8 obj/default/dogtest.o
                0x000000000001165c                led
                0x0000000000011660                level
 .sbss          0x0000000000011664        0x4 ../dog_sw_test3_bsp/\libhal_bsp.a(alt_irq_vars.o)
                0x0000000000011664                alt_irq_active
 .sbss          0x0000000000011668        0xc ../dog_sw_test3_bsp/\libhal_bsp.a(alt_main.o)
                0x0000000000011668                alt_envp
                0x000000000001166c                alt_argv
                0x0000000000011670                alt_argc
 .sbss          0x0000000000011674        0x4 ../dog_sw_test3_bsp/\libhal_bsp.a(alt_instruction_exception_entry.o)
                0x0000000000011674                alt_instruction_exception_handler
 .sbss          0x0000000000011678        0x4 c:/intelfpga_lite/18.1/nios2eds/bin/gnu/h-x86_64-mingw32/bin/../lib/gcc/nios2-elf/5.3.0/../../../../../H-x86_64-mingw32/nios2-elf/lib/mno-hw-mul\libsmallc.a(lib_a-int_errno.o)
                0x0000000000011678                errno
 *(.sbss2 .sbss2.* .gnu.linkonce.sb2.*)
 *(.scommon)
                [!provide]                        PROVIDE (__sbss_end, ABSOLUTE (.))
                [!provide]                        PROVIDE (___sbss_end, ABSOLUTE (.))
 *(.dynbss)
 *(.bss .bss.* .gnu.linkonce.b.*)
 .bss           0x000000000001167c        0x0 ../dog_sw_test3_bsp//obj/HAL/src/crt0.o
 .bss           0x000000000001167c       0x70 obj/default/dogtest.o
                0x000000000001167c                filter_state
 .bss           0x00000000000116ec        0x0 c:/intelfpga_lite/18.1/nios2eds/bin/gnu/h-x86_64-mingw32/bin/../lib/gcc/nios2-elf/5.3.0/mno-hw-mul\libgcc.a(lib2-mul.o)
 .bss           0x00000000000116ec        0x0 c:/intelfpga_lite/18.1/nios2eds/bin/gnu/h-x86_64-mingw32/bin/../lib/gcc/nios2-elf/5.3.0/mno-hw-mul\libgcc.a(muldf3.o)
 .bss           0x00000000000116ec        0x0 c:/intelfpga_lite/18.1/nios2eds/bin/gnu/h-x86_64-mingw32/bin/../lib/gcc/nios2-elf/5.3.0/mno-hw-mul\libgcc.a(fixdfsi.o)
 .bss           0x00000000000116ec        0x0 c:/intelfpga_lite/18.1/nios2eds/bin/gnu/h-x86_64-mingw32/bin/../lib/gcc/nios2-elf/5.3.0/mno-hw-mul\libgcc.a(extendsfdf2.o)
 .bss           0x00000000000116ec        0x0 c:/intelfpga_lite/18.1/nios2eds/bin/gnu/h-x86_64-mingw32/bin/../lib/gcc/nios2-elf/5.3.0/mno-hw-mul\libgcc.a(_clzsi2.o)
 .bss           0x00000000000116ec        0x0 c:/intelfpga_lite/18.1/nios2eds/bin/gnu/h-x86_64-mingw32/bin/../lib/gcc/nios2-elf/5.3.0/mno-hw-mul\libgcc.a(_clz.o)
 .bss           0x00000000000116ec        0x0 c:/intelfpga_lite/18.1/nios2eds/bin/gnu/h-x86_64-mingw32/bin/../lib/gcc/nios2-elf/5.3.0/../../../../../H-x86_64-mingw32/nios2-elf/lib/mno-hw-mul\libsmallc.a(lib_a-strlen.o)
 .bss           0x00000000000116ec        0x0 ../dog_sw_test3_bsp/\libhal_bsp.a(alt_irq_register.o)
 .bss           0x00000000000116ec        0x0 ../dog_sw_test3_bsp/\libhal_bsp.a(alt_irq_vars.o)
 .bss           0x00000000000116ec        0x0 ../dog_sw_test3_bsp/\libhal_bsp.a(alt_load.o)
 .bss           0x00000000000116ec        0x0 ../dog_sw_test3_bsp/\libhal_bsp.a(alt_main.o)
 .bss           0x00000000000116ec        0x0 ../dog_sw_test3_bsp/\libhal_bsp.a(alt_sys_init.o)
 .bss           0x00000000000116ec        0x0 ../dog_sw_test3_bsp/\libhal_bsp.a(alt_dcache_flush_all.o)
 .bss           0x00000000000116ec        0x0 ../dog_sw_test3_bsp/\libhal_bsp.a(alt_dev.o)
 .bss           0x00000000000116ec        0x0 ../dog_sw_test3_bsp/\libhal_bsp.a(alt_dev_llist_insert.o)
 .bss           0x00000000000116ec        0x0 ../dog_sw_test3_bsp/\libhal_bsp.a(alt_errno.o)
 .bss           0x00000000000116ec        0x0 ../dog_sw_test3_bsp/\libhal_bsp.a(alt_icache_flush_all.o)
 .bss           0x00000000000116ec        0x0 ../dog_sw_test3_bsp/\libhal_bsp.a(alt_irq_entry.o)
 .bss           0x00000000000116ec        0x0 ../dog_sw_test3_bsp/\libhal_bsp.a(alt_irq_handler.o)
 .bss           0x00000000000116ec        0x0 ../dog_sw_test3_bsp/\libhal_bsp.a(altera_nios2_gen2_irq.o)
 .bss           0x00000000000116ec        0x0 ../dog_sw_test3_bsp/\libhal_bsp.a(alt_exception_entry.o)
 .bss           0x00000000000116ec        0x0 ../dog_sw_test3_bsp/\libhal_bsp.a(alt_instruction_exception_entry.o)
 .bss           0x00000000000116ec        0x0 c:/intelfpga_lite/18.1/nios2eds/bin/gnu/h-x86_64-mingw32/bin/../lib/gcc/nios2-elf/5.3.0/../../../../../H-x86_64-mingw32/nios2-elf/lib/mno-hw-mul\libsmallc.a(lib_a-int_errno.o)
 *(COMMON)
 COMMON         0x00000000000116ec       0x70 obj/default/dogtest.o
                0x00000000000116ec                filter_coefficients
 COMMON         0x000000000001175c      0x100 ../dog_sw_test3_bsp/\libhal_bsp.a(alt_irq_handler.o)
                0x000000000001175c                alt_irq
                0x000000000001185c                . = ALIGN (0x4)
                0x000000000001185c                __bss_end = ABSOLUTE (.)

.onchip_memory  0x000000000001185c        0x0
                [!provide]                        PROVIDE (_alt_partition_onchip_memory_start, ABSOLUTE (.))
 *(.onchip_memory .onchip_memory. onchip_memory.*)
                0x000000000001185c                . = ALIGN (0x4)
                [!provide]                        PROVIDE (_alt_partition_onchip_memory_end, ABSOLUTE (.))
                0x000000000001185c                _end = ABSOLUTE (.)
                0x000000000001185c                end = ABSOLUTE (.)
                0x000000000001185c                __alt_stack_base = ABSOLUTE (.)
                [!provide]                        PROVIDE (_alt_partition_onchip_memory_load_addr, LOADADDR (.onchip_memory))

.stab
 *(.stab)

.stabstr
 *(.stabstr)

.stab.excl
 *(.stab.excl)

.stab.exclstr
 *(.stab.exclstr)

.stab.index
 *(.stab.index)

.stab.indexstr
 *(.stab.indexstr)

.comment        0x0000000000000000       0x23
 *(.comment)
 .comment       0x0000000000000000       0x23 obj/default/dogtest.o
                                         0x24 (size before relaxing)
 .comment       0x0000000000000023       0x24 c:/intelfpga_lite/18.1/nios2eds/bin/gnu/h-x86_64-mingw32/bin/../lib/gcc/nios2-elf/5.3.0/mno-hw-mul\libgcc.a(lib2-mul.o)
 .comment       0x0000000000000023       0x24 c:/intelfpga_lite/18.1/nios2eds/bin/gnu/h-x86_64-mingw32/bin/../lib/gcc/nios2-elf/5.3.0/mno-hw-mul\libgcc.a(muldf3.o)
 .comment       0x0000000000000023       0x24 c:/intelfpga_lite/18.1/nios2eds/bin/gnu/h-x86_64-mingw32/bin/../lib/gcc/nios2-elf/5.3.0/mno-hw-mul\libgcc.a(fixdfsi.o)
 .comment       0x0000000000000023       0x24 c:/intelfpga_lite/18.1/nios2eds/bin/gnu/h-x86_64-mingw32/bin/../lib/gcc/nios2-elf/5.3.0/mno-hw-mul\libgcc.a(extendsfdf2.o)
 .comment       0x0000000000000023       0x24 c:/intelfpga_lite/18.1/nios2eds/bin/gnu/h-x86_64-mingw32/bin/../lib/gcc/nios2-elf/5.3.0/mno-hw-mul\libgcc.a(_clzsi2.o)
 .comment       0x0000000000000023       0x24 c:/intelfpga_lite/18.1/nios2eds/bin/gnu/h-x86_64-mingw32/bin/../lib/gcc/nios2-elf/5.3.0/mno-hw-mul\libgcc.a(_clz.o)
 .comment       0x0000000000000023       0x24 c:/intelfpga_lite/18.1/nios2eds/bin/gnu/h-x86_64-mingw32/bin/../lib/gcc/nios2-elf/5.3.0/../../../../../H-x86_64-mingw32/nios2-elf/lib/mno-hw-mul\libsmallc.a(lib_a-strlen.o)
 .comment       0x0000000000000023       0x24 ../dog_sw_test3_bsp/\libhal_bsp.a(alt_irq_register.o)
 .comment       0x0000000000000023       0x24 ../dog_sw_test3_bsp/\libhal_bsp.a(alt_irq_vars.o)
 .comment       0x0000000000000023       0x24 ../dog_sw_test3_bsp/\libhal_bsp.a(alt_load.o)
 .comment       0x0000000000000023       0x24 ../dog_sw_test3_bsp/\libhal_bsp.a(alt_main.o)
 .comment       0x0000000000000023       0x24 ../dog_sw_test3_bsp/\libhal_bsp.a(alt_sys_init.o)
 .comment       0x0000000000000023       0x24 ../dog_sw_test3_bsp/\libhal_bsp.a(alt_dcache_flush_all.o)
 .comment       0x0000000000000023       0x24 ../dog_sw_test3_bsp/\libhal_bsp.a(alt_dev.o)
 .comment       0x0000000000000023       0x24 ../dog_sw_test3_bsp/\libhal_bsp.a(alt_dev_llist_insert.o)
 .comment       0x0000000000000023       0x24 ../dog_sw_test3_bsp/\libhal_bsp.a(alt_errno.o)
 .comment       0x0000000000000023       0x24 ../dog_sw_test3_bsp/\libhal_bsp.a(alt_icache_flush_all.o)
 .comment       0x0000000000000023       0x24 ../dog_sw_test3_bsp/\libhal_bsp.a(alt_irq_handler.o)
 .comment       0x0000000000000023       0x24 ../dog_sw_test3_bsp/\libhal_bsp.a(altera_nios2_gen2_irq.o)
 .comment       0x0000000000000023       0x24 ../dog_sw_test3_bsp/\libhal_bsp.a(alt_instruction_exception_entry.o)
 .comment       0x0000000000000023       0x24 c:/intelfpga_lite/18.1/nios2eds/bin/gnu/h-x86_64-mingw32/bin/../lib/gcc/nios2-elf/5.3.0/../../../../../H-x86_64-mingw32/nios2-elf/lib/mno-hw-mul\libsmallc.a(lib_a-int_errno.o)

.debug
 *(.debug)

.line
 *(.line)

.debug_srcinfo
 *(.debug_srcinfo)

.debug_sfnames
 *(.debug_sfnames)

.debug_aranges  0x0000000000000000      0x340
 *(.debug_aranges)
 .debug_aranges
                0x0000000000000000       0x28 ../dog_sw_test3_bsp//obj/HAL/src/crt0.o
 .debug_aranges
                0x0000000000000028       0x28 obj/default/dogtest.o
 .debug_aranges
                0x0000000000000050       0x20 c:/intelfpga_lite/18.1/nios2eds/bin/gnu/h-x86_64-mingw32/bin/../lib/gcc/nios2-elf/5.3.0/mno-hw-mul\libgcc.a(lib2-mul.o)
 .debug_aranges
                0x0000000000000070       0x20 c:/intelfpga_lite/18.1/nios2eds/bin/gnu/h-x86_64-mingw32/bin/../lib/gcc/nios2-elf/5.3.0/mno-hw-mul\libgcc.a(muldf3.o)
 .debug_aranges
                0x0000000000000090       0x20 c:/intelfpga_lite/18.1/nios2eds/bin/gnu/h-x86_64-mingw32/bin/../lib/gcc/nios2-elf/5.3.0/mno-hw-mul\libgcc.a(fixdfsi.o)
 .debug_aranges
                0x00000000000000b0       0x20 c:/intelfpga_lite/18.1/nios2eds/bin/gnu/h-x86_64-mingw32/bin/../lib/gcc/nios2-elf/5.3.0/mno-hw-mul\libgcc.a(extendsfdf2.o)
 .debug_aranges
                0x00000000000000d0       0x20 c:/intelfpga_lite/18.1/nios2eds/bin/gnu/h-x86_64-mingw32/bin/../lib/gcc/nios2-elf/5.3.0/mno-hw-mul\libgcc.a(_clzsi2.o)
 .debug_aranges
                0x00000000000000f0       0x18 c:/intelfpga_lite/18.1/nios2eds/bin/gnu/h-x86_64-mingw32/bin/../lib/gcc/nios2-elf/5.3.0/mno-hw-mul\libgcc.a(_clz.o)
 .debug_aranges
                0x0000000000000108       0x20 c:/intelfpga_lite/18.1/nios2eds/bin/gnu/h-x86_64-mingw32/bin/../lib/gcc/nios2-elf/5.3.0/../../../../../H-x86_64-mingw32/nios2-elf/lib/mno-hw-mul\libsmallc.a(lib_a-strlen.o)
 .debug_aranges
                0x0000000000000128       0x20 ../dog_sw_test3_bsp/\libhal_bsp.a(alt_irq_register.o)
 .debug_aranges
                0x0000000000000148       0x18 ../dog_sw_test3_bsp/\libhal_bsp.a(alt_irq_vars.o)
 .debug_aranges
                0x0000000000000160       0x20 ../dog_sw_test3_bsp/\libhal_bsp.a(alt_load.o)
 .debug_aranges
                0x0000000000000180       0x20 ../dog_sw_test3_bsp/\libhal_bsp.a(alt_main.o)
 .debug_aranges
                0x00000000000001a0       0x20 ../dog_sw_test3_bsp/\libhal_bsp.a(alt_sys_init.o)
 .debug_aranges
                0x00000000000001c0       0x20 ../dog_sw_test3_bsp/\libhal_bsp.a(alt_dcache_flush_all.o)
 .debug_aranges
                0x00000000000001e0       0x20 ../dog_sw_test3_bsp/\libhal_bsp.a(alt_dev.o)
 .debug_aranges
                0x0000000000000200       0x20 ../dog_sw_test3_bsp/\libhal_bsp.a(alt_dev_llist_insert.o)
 .debug_aranges
                0x0000000000000220       0x18 ../dog_sw_test3_bsp/\libhal_bsp.a(alt_errno.o)
 .debug_aranges
                0x0000000000000238       0x20 ../dog_sw_test3_bsp/\libhal_bsp.a(alt_icache_flush_all.o)
 .debug_aranges
                0x0000000000000258       0x30 ../dog_sw_test3_bsp/\libhal_bsp.a(alt_irq_entry.o)
 .debug_aranges
                0x0000000000000288       0x20 ../dog_sw_test3_bsp/\libhal_bsp.a(alt_irq_handler.o)
 .debug_aranges
                0x00000000000002a8       0x20 ../dog_sw_test3_bsp/\libhal_bsp.a(altera_nios2_gen2_irq.o)
 .debug_aranges
                0x00000000000002c8       0x38 ../dog_sw_test3_bsp/\libhal_bsp.a(alt_exception_entry.o)
 .debug_aranges
                0x0000000000000300       0x28 ../dog_sw_test3_bsp/\libhal_bsp.a(alt_instruction_exception_entry.o)
 .debug_aranges
                0x0000000000000328       0x18 c:/intelfpga_lite/18.1/nios2eds/bin/gnu/h-x86_64-mingw32/bin/../lib/gcc/nios2-elf/5.3.0/../../../../../H-x86_64-mingw32/nios2-elf/lib/mno-hw-mul\libsmallc.a(lib_a-int_errno.o)

.debug_pubnames
 *(.debug_pubnames)

.debug_info     0x0000000000000000     0x2b85
 *(.debug_info .gnu.linkonce.wi.*)
 .debug_info    0x0000000000000000       0x6e ../dog_sw_test3_bsp//obj/HAL/src/crt0.o
 .debug_info    0x000000000000006e      0x4aa obj/default/dogtest.o
 .debug_info    0x0000000000000518       0xb4 c:/intelfpga_lite/18.1/nios2eds/bin/gnu/h-x86_64-mingw32/bin/../lib/gcc/nios2-elf/5.3.0/mno-hw-mul\libgcc.a(lib2-mul.o)
 .debug_info    0x00000000000005cc      0x5f1 c:/intelfpga_lite/18.1/nios2eds/bin/gnu/h-x86_64-mingw32/bin/../lib/gcc/nios2-elf/5.3.0/mno-hw-mul\libgcc.a(muldf3.o)
 .debug_info    0x0000000000000bbd      0x1ae c:/intelfpga_lite/18.1/nios2eds/bin/gnu/h-x86_64-mingw32/bin/../lib/gcc/nios2-elf/5.3.0/mno-hw-mul\libgcc.a(fixdfsi.o)
 .debug_info    0x0000000000000d6b      0x248 c:/intelfpga_lite/18.1/nios2eds/bin/gnu/h-x86_64-mingw32/bin/../lib/gcc/nios2-elf/5.3.0/mno-hw-mul\libgcc.a(extendsfdf2.o)
 .debug_info    0x0000000000000fb3      0x124 c:/intelfpga_lite/18.1/nios2eds/bin/gnu/h-x86_64-mingw32/bin/../lib/gcc/nios2-elf/5.3.0/mno-hw-mul\libgcc.a(_clzsi2.o)
 .debug_info    0x00000000000010d7       0xb2 c:/intelfpga_lite/18.1/nios2eds/bin/gnu/h-x86_64-mingw32/bin/../lib/gcc/nios2-elf/5.3.0/mno-hw-mul\libgcc.a(_clz.o)
 .debug_info    0x0000000000001189       0xc9 c:/intelfpga_lite/18.1/nios2eds/bin/gnu/h-x86_64-mingw32/bin/../lib/gcc/nios2-elf/5.3.0/../../../../../H-x86_64-mingw32/nios2-elf/lib/mno-hw-mul\libsmallc.a(lib_a-strlen.o)
 .debug_info    0x0000000000001252      0x30d ../dog_sw_test3_bsp/\libhal_bsp.a(alt_irq_register.o)
 .debug_info    0x000000000000155f       0x88 ../dog_sw_test3_bsp/\libhal_bsp.a(alt_irq_vars.o)
 .debug_info    0x00000000000015e7      0x1c9 ../dog_sw_test3_bsp/\libhal_bsp.a(alt_load.o)
 .debug_info    0x00000000000017b0      0x18f ../dog_sw_test3_bsp/\libhal_bsp.a(alt_main.o)
 .debug_info    0x000000000000193f      0x459 ../dog_sw_test3_bsp/\libhal_bsp.a(alt_sys_init.o)
 .debug_info    0x0000000000001d98       0x92 ../dog_sw_test3_bsp/\libhal_bsp.a(alt_dcache_flush_all.o)
 .debug_info    0x0000000000001e2a      0x499 ../dog_sw_test3_bsp/\libhal_bsp.a(alt_dev.o)
 .debug_info    0x00000000000022c3      0x1b3 ../dog_sw_test3_bsp/\libhal_bsp.a(alt_dev_llist_insert.o)
 .debug_info    0x0000000000002476       0xa6 ../dog_sw_test3_bsp/\libhal_bsp.a(alt_errno.o)
 .debug_info    0x000000000000251c       0x92 ../dog_sw_test3_bsp/\libhal_bsp.a(alt_icache_flush_all.o)
 .debug_info    0x00000000000025ae       0x77 ../dog_sw_test3_bsp/\libhal_bsp.a(alt_irq_entry.o)
 .debug_info    0x0000000000002625      0x1a4 ../dog_sw_test3_bsp/\libhal_bsp.a(alt_irq_handler.o)
 .debug_info    0x00000000000027c9       0xb8 ../dog_sw_test3_bsp/\libhal_bsp.a(altera_nios2_gen2_irq.o)
 .debug_info    0x0000000000002881       0x7d ../dog_sw_test3_bsp/\libhal_bsp.a(alt_exception_entry.o)
 .debug_info    0x00000000000028fe      0x1fd ../dog_sw_test3_bsp/\libhal_bsp.a(alt_instruction_exception_entry.o)
 .debug_info    0x0000000000002afb       0x8a c:/intelfpga_lite/18.1/nios2eds/bin/gnu/h-x86_64-mingw32/bin/../lib/gcc/nios2-elf/5.3.0/../../../../../H-x86_64-mingw32/nios2-elf/lib/mno-hw-mul\libsmallc.a(lib_a-int_errno.o)

.debug_abbrev   0x0000000000000000     0x12f0
 *(.debug_abbrev)
 .debug_abbrev  0x0000000000000000       0x12 ../dog_sw_test3_bsp//obj/HAL/src/crt0.o
 .debug_abbrev  0x0000000000000012      0x232 obj/default/dogtest.o
 .debug_abbrev  0x0000000000000244       0x6f c:/intelfpga_lite/18.1/nios2eds/bin/gnu/h-x86_64-mingw32/bin/../lib/gcc/nios2-elf/5.3.0/mno-hw-mul\libgcc.a(lib2-mul.o)
 .debug_abbrev  0x00000000000002b3      0x13f c:/intelfpga_lite/18.1/nios2eds/bin/gnu/h-x86_64-mingw32/bin/../lib/gcc/nios2-elf/5.3.0/mno-hw-mul\libgcc.a(muldf3.o)
 .debug_abbrev  0x00000000000003f2      0x135 c:/intelfpga_lite/18.1/nios2eds/bin/gnu/h-x86_64-mingw32/bin/../lib/gcc/nios2-elf/5.3.0/mno-hw-mul\libgcc.a(fixdfsi.o)
 .debug_abbrev  0x0000000000000527      0x124 c:/intelfpga_lite/18.1/nios2eds/bin/gnu/h-x86_64-mingw32/bin/../lib/gcc/nios2-elf/5.3.0/mno-hw-mul\libgcc.a(extendsfdf2.o)
 .debug_abbrev  0x000000000000064b       0xbe c:/intelfpga_lite/18.1/nios2eds/bin/gnu/h-x86_64-mingw32/bin/../lib/gcc/nios2-elf/5.3.0/mno-hw-mul\libgcc.a(_clzsi2.o)
 .debug_abbrev  0x0000000000000709       0x5d c:/intelfpga_lite/18.1/nios2eds/bin/gnu/h-x86_64-mingw32/bin/../lib/gcc/nios2-elf/5.3.0/mno-hw-mul\libgcc.a(_clz.o)
 .debug_abbrev  0x0000000000000766       0x7f c:/intelfpga_lite/18.1/nios2eds/bin/gnu/h-x86_64-mingw32/bin/../lib/gcc/nios2-elf/5.3.0/../../../../../H-x86_64-mingw32/nios2-elf/lib/mno-hw-mul\libsmallc.a(lib_a-strlen.o)
 .debug_abbrev  0x00000000000007e5      0x1a5 ../dog_sw_test3_bsp/\libhal_bsp.a(alt_irq_register.o)
 .debug_abbrev  0x000000000000098a       0x40 ../dog_sw_test3_bsp/\libhal_bsp.a(alt_irq_vars.o)
 .debug_abbrev  0x00000000000009ca       0xd8 ../dog_sw_test3_bsp/\libhal_bsp.a(alt_load.o)
 .debug_abbrev  0x0000000000000aa2       0xf5 ../dog_sw_test3_bsp/\libhal_bsp.a(alt_main.o)
 .debug_abbrev  0x0000000000000b97      0x1a5 ../dog_sw_test3_bsp/\libhal_bsp.a(alt_sys_init.o)
 .debug_abbrev  0x0000000000000d3c       0x42 ../dog_sw_test3_bsp/\libhal_bsp.a(alt_dcache_flush_all.o)
 .debug_abbrev  0x0000000000000d7e       0xd9 ../dog_sw_test3_bsp/\libhal_bsp.a(alt_dev.o)
 .debug_abbrev  0x0000000000000e57      0x11c ../dog_sw_test3_bsp/\libhal_bsp.a(alt_dev_llist_insert.o)
 .debug_abbrev  0x0000000000000f73       0x5a ../dog_sw_test3_bsp/\libhal_bsp.a(alt_errno.o)
 .debug_abbrev  0x0000000000000fcd       0x42 ../dog_sw_test3_bsp/\libhal_bsp.a(alt_icache_flush_all.o)
 .debug_abbrev  0x000000000000100f       0x12 ../dog_sw_test3_bsp/\libhal_bsp.a(alt_irq_entry.o)
 .debug_abbrev  0x0000000000001021      0x138 ../dog_sw_test3_bsp/\libhal_bsp.a(alt_irq_handler.o)
 .debug_abbrev  0x0000000000001159       0x67 ../dog_sw_test3_bsp/\libhal_bsp.a(altera_nios2_gen2_irq.o)
 .debug_abbrev  0x00000000000011c0       0x12 ../dog_sw_test3_bsp/\libhal_bsp.a(alt_exception_entry.o)
 .debug_abbrev  0x00000000000011d2       0xe7 ../dog_sw_test3_bsp/\libhal_bsp.a(alt_instruction_exception_entry.o)
 .debug_abbrev  0x00000000000012b9       0x37 c:/intelfpga_lite/18.1/nios2eds/bin/gnu/h-x86_64-mingw32/bin/../lib/gcc/nios2-elf/5.3.0/../../../../../H-x86_64-mingw32/nios2-elf/lib/mno-hw-mul\libsmallc.a(lib_a-int_errno.o)

.debug_line     0x0000000000000000     0x1314
 *(.debug_line)
 .debug_line    0x0000000000000000       0x66 ../dog_sw_test3_bsp//obj/HAL/src/crt0.o
 .debug_line    0x0000000000000066      0x1e8 obj/default/dogtest.o
 .debug_line    0x000000000000024e       0x80 c:/intelfpga_lite/18.1/nios2eds/bin/gnu/h-x86_64-mingw32/bin/../lib/gcc/nios2-elf/5.3.0/mno-hw-mul\libgcc.a(lib2-mul.o)
 .debug_line    0x00000000000002ce      0x1ea c:/intelfpga_lite/18.1/nios2eds/bin/gnu/h-x86_64-mingw32/bin/../lib/gcc/nios2-elf/5.3.0/mno-hw-mul\libgcc.a(muldf3.o)
 .debug_line    0x00000000000004b8       0x9b c:/intelfpga_lite/18.1/nios2eds/bin/gnu/h-x86_64-mingw32/bin/../lib/gcc/nios2-elf/5.3.0/mno-hw-mul\libgcc.a(fixdfsi.o)
 .debug_line    0x0000000000000553       0xc4 c:/intelfpga_lite/18.1/nios2eds/bin/gnu/h-x86_64-mingw32/bin/../lib/gcc/nios2-elf/5.3.0/mno-hw-mul\libgcc.a(extendsfdf2.o)
 .debug_line    0x0000000000000617       0xbd c:/intelfpga_lite/18.1/nios2eds/bin/gnu/h-x86_64-mingw32/bin/../lib/gcc/nios2-elf/5.3.0/mno-hw-mul\libgcc.a(_clzsi2.o)
 .debug_line    0x00000000000006d4       0x56 c:/intelfpga_lite/18.1/nios2eds/bin/gnu/h-x86_64-mingw32/bin/../lib/gcc/nios2-elf/5.3.0/mno-hw-mul\libgcc.a(_clz.o)
 .debug_line    0x000000000000072a      0x15c c:/intelfpga_lite/18.1/nios2eds/bin/gnu/h-x86_64-mingw32/bin/../lib/gcc/nios2-elf/5.3.0/../../../../../H-x86_64-mingw32/nios2-elf/lib/mno-hw-mul\libsmallc.a(lib_a-strlen.o)
 .debug_line    0x0000000000000886       0xed ../dog_sw_test3_bsp/\libhal_bsp.a(alt_irq_register.o)
 .debug_line    0x0000000000000973       0x50 ../dog_sw_test3_bsp/\libhal_bsp.a(alt_irq_vars.o)
 .debug_line    0x00000000000009c3       0xa4 ../dog_sw_test3_bsp/\libhal_bsp.a(alt_load.o)
 .debug_line    0x0000000000000a67       0xea ../dog_sw_test3_bsp/\libhal_bsp.a(alt_main.o)
 .debug_line    0x0000000000000b51      0x178 ../dog_sw_test3_bsp/\libhal_bsp.a(alt_sys_init.o)
 .debug_line    0x0000000000000cc9       0x4e ../dog_sw_test3_bsp/\libhal_bsp.a(alt_dcache_flush_all.o)
 .debug_line    0x0000000000000d17       0xf6 ../dog_sw_test3_bsp/\libhal_bsp.a(alt_dev.o)
 .debug_line    0x0000000000000e0d       0xd8 ../dog_sw_test3_bsp/\libhal_bsp.a(alt_dev_llist_insert.o)
 .debug_line    0x0000000000000ee5       0x51 ../dog_sw_test3_bsp/\libhal_bsp.a(alt_errno.o)
 .debug_line    0x0000000000000f36       0x4e ../dog_sw_test3_bsp/\libhal_bsp.a(alt_icache_flush_all.o)
 .debug_line    0x0000000000000f84       0x6b ../dog_sw_test3_bsp/\libhal_bsp.a(alt_irq_entry.o)
 .debug_line    0x0000000000000fef       0xc8 ../dog_sw_test3_bsp/\libhal_bsp.a(alt_irq_handler.o)
 .debug_line    0x00000000000010b7       0x8c ../dog_sw_test3_bsp/\libhal_bsp.a(altera_nios2_gen2_irq.o)
 .debug_line    0x0000000000001143       0xb3 ../dog_sw_test3_bsp/\libhal_bsp.a(alt_exception_entry.o)
 .debug_line    0x00000000000011f6       0xbf ../dog_sw_test3_bsp/\libhal_bsp.a(alt_instruction_exception_entry.o)
 .debug_line    0x00000000000012b5       0x5f c:/intelfpga_lite/18.1/nios2eds/bin/gnu/h-x86_64-mingw32/bin/../lib/gcc/nios2-elf/5.3.0/../../../../../H-x86_64-mingw32/nios2-elf/lib/mno-hw-mul\libsmallc.a(lib_a-int_errno.o)

.debug_frame    0x0000000000000000      0x3e4
 *(.debug_frame)
 .debug_frame   0x0000000000000000      0x10c obj/default/dogtest.o
 .debug_frame   0x000000000000010c       0x20 c:/intelfpga_lite/18.1/nios2eds/bin/gnu/h-x86_64-mingw32/bin/../lib/gcc/nios2-elf/5.3.0/mno-hw-mul\libgcc.a(lib2-mul.o)
 .debug_frame   0x000000000000012c       0x58 c:/intelfpga_lite/18.1/nios2eds/bin/gnu/h-x86_64-mingw32/bin/../lib/gcc/nios2-elf/5.3.0/mno-hw-mul\libgcc.a(muldf3.o)
 .debug_frame   0x0000000000000184       0x20 c:/intelfpga_lite/18.1/nios2eds/bin/gnu/h-x86_64-mingw32/bin/../lib/gcc/nios2-elf/5.3.0/mno-hw-mul\libgcc.a(fixdfsi.o)
 .debug_frame   0x00000000000001a4       0x38 c:/intelfpga_lite/18.1/nios2eds/bin/gnu/h-x86_64-mingw32/bin/../lib/gcc/nios2-elf/5.3.0/mno-hw-mul\libgcc.a(extendsfdf2.o)
 .debug_frame   0x00000000000001dc       0x20 c:/intelfpga_lite/18.1/nios2eds/bin/gnu/h-x86_64-mingw32/bin/../lib/gcc/nios2-elf/5.3.0/mno-hw-mul\libgcc.a(_clzsi2.o)
 .debug_frame   0x00000000000001fc       0x20 c:/intelfpga_lite/18.1/nios2eds/bin/gnu/h-x86_64-mingw32/bin/../lib/gcc/nios2-elf/5.3.0/../../../../../H-x86_64-mingw32/nios2-elf/lib/mno-hw-mul\libsmallc.a(lib_a-strlen.o)
 .debug_frame   0x000000000000021c       0x20 ../dog_sw_test3_bsp/\libhal_bsp.a(alt_irq_register.o)
 .debug_frame   0x000000000000023c       0x30 ../dog_sw_test3_bsp/\libhal_bsp.a(alt_load.o)
 .debug_frame   0x000000000000026c       0x2c ../dog_sw_test3_bsp/\libhal_bsp.a(alt_main.o)
 .debug_frame   0x0000000000000298       0x3c ../dog_sw_test3_bsp/\libhal_bsp.a(alt_sys_init.o)
 .debug_frame   0x00000000000002d4       0x20 ../dog_sw_test3_bsp/\libhal_bsp.a(alt_dcache_flush_all.o)
 .debug_frame   0x00000000000002f4       0x20 ../dog_sw_test3_bsp/\libhal_bsp.a(alt_dev.o)
 .debug_frame   0x0000000000000314       0x2c ../dog_sw_test3_bsp/\libhal_bsp.a(alt_dev_llist_insert.o)
 .debug_frame   0x0000000000000340       0x20 ../dog_sw_test3_bsp/\libhal_bsp.a(alt_icache_flush_all.o)
 .debug_frame   0x0000000000000360       0x34 ../dog_sw_test3_bsp/\libhal_bsp.a(alt_irq_handler.o)
 .debug_frame   0x0000000000000394       0x20 ../dog_sw_test3_bsp/\libhal_bsp.a(altera_nios2_gen2_irq.o)
 .debug_frame   0x00000000000003b4       0x30 ../dog_sw_test3_bsp/\libhal_bsp.a(alt_instruction_exception_entry.o)

.debug_str      0x0000000000000000     0x13b2
 *(.debug_str)
 .debug_str     0x0000000000000000      0x279 obj/default/dogtest.o
                                        0x2c9 (size before relaxing)
 .debug_str     0x0000000000000279      0x148 c:/intelfpga_lite/18.1/nios2eds/bin/gnu/h-x86_64-mingw32/bin/../lib/gcc/nios2-elf/5.3.0/mno-hw-mul\libgcc.a(lib2-mul.o)
                                        0x193 (size before relaxing)
 .debug_str     0x00000000000003c1      0x238 c:/intelfpga_lite/18.1/nios2eds/bin/gnu/h-x86_64-mingw32/bin/../lib/gcc/nios2-elf/5.3.0/mno-hw-mul\libgcc.a(muldf3.o)
                                        0x3c2 (size before relaxing)
 .debug_str     0x00000000000005f9       0x4e c:/intelfpga_lite/18.1/nios2eds/bin/gnu/h-x86_64-mingw32/bin/../lib/gcc/nios2-elf/5.3.0/mno-hw-mul\libgcc.a(fixdfsi.o)
                                        0x22b (size before relaxing)
 .debug_str     0x0000000000000647       0x7d c:/intelfpga_lite/18.1/nios2eds/bin/gnu/h-x86_64-mingw32/bin/../lib/gcc/nios2-elf/5.3.0/mno-hw-mul\libgcc.a(extendsfdf2.o)
                                        0x24f (size before relaxing)
 .debug_str     0x00000000000006c4       0x66 c:/intelfpga_lite/18.1/nios2eds/bin/gnu/h-x86_64-mingw32/bin/../lib/gcc/nios2-elf/5.3.0/mno-hw-mul\libgcc.a(_clzsi2.o)
                                        0x200 (size before relaxing)
 .debug_str     0x000000000000072a      0x1e3 c:/intelfpga_lite/18.1/nios2eds/bin/gnu/h-x86_64-mingw32/bin/../lib/gcc/nios2-elf/5.3.0/mno-hw-mul\libgcc.a(_clz.o)
 .debug_str     0x000000000000072a      0x13a c:/intelfpga_lite/18.1/nios2eds/bin/gnu/h-x86_64-mingw32/bin/../lib/gcc/nios2-elf/5.3.0/../../../../../H-x86_64-mingw32/nios2-elf/lib/mno-hw-mul\libsmallc.a(lib_a-strlen.o)
                                        0x1e5 (size before relaxing)
 .debug_str     0x0000000000000864       0xd7 ../dog_sw_test3_bsp/\libhal_bsp.a(alt_irq_register.o)
                                        0x208 (size before relaxing)
 .debug_str     0x000000000000093b       0x17 ../dog_sw_test3_bsp/\libhal_bsp.a(alt_irq_vars.o)
                                        0x13a (size before relaxing)
 .debug_str     0x0000000000000952      0x113 ../dog_sw_test3_bsp/\libhal_bsp.a(alt_load.o)
                                        0x23c (size before relaxing)
 .debug_str     0x0000000000000a65       0x5e ../dog_sw_test3_bsp/\libhal_bsp.a(alt_main.o)
                                        0x1de (size before relaxing)
 .debug_str     0x0000000000000ac3      0x178 ../dog_sw_test3_bsp/\libhal_bsp.a(alt_sys_init.o)
                                        0x34a (size before relaxing)
 .debug_str     0x0000000000000c3b       0x1f ../dog_sw_test3_bsp/\libhal_bsp.a(alt_dcache_flush_all.o)
                                        0x155 (size before relaxing)
 .debug_str     0x0000000000000c5a      0x125 ../dog_sw_test3_bsp/\libhal_bsp.a(alt_dev.o)
                                        0x305 (size before relaxing)
 .debug_str     0x0000000000000d7f       0x48 ../dog_sw_test3_bsp/\libhal_bsp.a(alt_dev_llist_insert.o)
                                        0x1cc (size before relaxing)
 .debug_str     0x0000000000000dc7       0x14 ../dog_sw_test3_bsp/\libhal_bsp.a(alt_errno.o)
                                        0x145 (size before relaxing)
 .debug_str     0x0000000000000ddb       0x1f ../dog_sw_test3_bsp/\libhal_bsp.a(alt_icache_flush_all.o)
                                        0x155 (size before relaxing)
 .debug_str     0x0000000000000dfa       0x3a ../dog_sw_test3_bsp/\libhal_bsp.a(alt_irq_handler.o)
                                        0x1b8 (size before relaxing)
 .debug_str     0x0000000000000e34       0x20 ../dog_sw_test3_bsp/\libhal_bsp.a(altera_nios2_gen2_irq.o)
                                        0x185 (size before relaxing)
 .debug_str     0x0000000000000e54      0x48b ../dog_sw_test3_bsp/\libhal_bsp.a(alt_instruction_exception_entry.o)
                                        0x5a0 (size before relaxing)
 .debug_str     0x00000000000012df       0xd3 c:/intelfpga_lite/18.1/nios2eds/bin/gnu/h-x86_64-mingw32/bin/../lib/gcc/nios2-elf/5.3.0/../../../../../H-x86_64-mingw32/nios2-elf/lib/mno-hw-mul\libsmallc.a(lib_a-int_errno.o)
                                        0x1d8 (size before relaxing)

.debug_loc      0x0000000000000000     0x1a96
 *(.debug_loc)
 .debug_loc     0x0000000000000000      0x2f7 obj/default/dogtest.o
 .debug_loc     0x00000000000002f7       0x93 c:/intelfpga_lite/18.1/nios2eds/bin/gnu/h-x86_64-mingw32/bin/../lib/gcc/nios2-elf/5.3.0/mno-hw-mul\libgcc.a(lib2-mul.o)
 .debug_loc     0x000000000000038a     0x1085 c:/intelfpga_lite/18.1/nios2eds/bin/gnu/h-x86_64-mingw32/bin/../lib/gcc/nios2-elf/5.3.0/mno-hw-mul\libgcc.a(muldf3.o)
 .debug_loc     0x000000000000140f      0x121 c:/intelfpga_lite/18.1/nios2eds/bin/gnu/h-x86_64-mingw32/bin/../lib/gcc/nios2-elf/5.3.0/mno-hw-mul\libgcc.a(fixdfsi.o)
 .debug_loc     0x0000000000001530      0x26d c:/intelfpga_lite/18.1/nios2eds/bin/gnu/h-x86_64-mingw32/bin/../lib/gcc/nios2-elf/5.3.0/mno-hw-mul\libgcc.a(extendsfdf2.o)
 .debug_loc     0x000000000000179d       0x6b c:/intelfpga_lite/18.1/nios2eds/bin/gnu/h-x86_64-mingw32/bin/../lib/gcc/nios2-elf/5.3.0/mno-hw-mul\libgcc.a(_clzsi2.o)
 .debug_loc     0x0000000000001808       0x1e c:/intelfpga_lite/18.1/nios2eds/bin/gnu/h-x86_64-mingw32/bin/../lib/gcc/nios2-elf/5.3.0/../../../../../H-x86_64-mingw32/nios2-elf/lib/mno-hw-mul\libsmallc.a(lib_a-strlen.o)
 .debug_loc     0x0000000000001826       0xfa ../dog_sw_test3_bsp/\libhal_bsp.a(alt_irq_register.o)
 .debug_loc     0x0000000000001920       0x21 ../dog_sw_test3_bsp/\libhal_bsp.a(alt_sys_init.o)
 .debug_loc     0x0000000000001941       0x7e ../dog_sw_test3_bsp/\libhal_bsp.a(alt_dev_llist_insert.o)
 .debug_loc     0x00000000000019bf       0x72 ../dog_sw_test3_bsp/\libhal_bsp.a(alt_irq_handler.o)
 .debug_loc     0x0000000000001a31       0x65 ../dog_sw_test3_bsp/\libhal_bsp.a(alt_instruction_exception_entry.o)

.debug_macinfo
 *(.debug_macinfo)

.debug_weaknames
 *(.debug_weaknames)

.debug_funcnames
 *(.debug_funcnames)

.debug_typenames
 *(.debug_typenames)

.debug_varnames
 *(.debug_varnames)

.debug_alt_sim_info
                0x0000000000000000       0x10
 *(.debug_alt_sim_info)
 .debug_alt_sim_info
                0x0000000000000000       0x10 ../dog_sw_test3_bsp//obj/HAL/src/crt0.o
                0x0000000000020000                __alt_data_end = 0x20000
                0x0000000000020000                PROVIDE (__alt_stack_pointer, __alt_data_end)
                [!provide]                        PROVIDE (__alt_stack_limit, __alt_stack_base)
                [!provide]                        PROVIDE (__alt_heap_start, end)
                [!provide]                        PROVIDE (__alt_heap_limit, 0x20000)
OUTPUT(dog_sw_test3.elf elf32-littlenios2)

.debug_ranges   0x0000000000000000      0x3c0
 .debug_ranges  0x0000000000000000       0x20 ../dog_sw_test3_bsp//obj/HAL/src/crt0.o
 .debug_ranges  0x0000000000000020       0x30 obj/default/dogtest.o
 .debug_ranges  0x0000000000000050      0x1d0 c:/intelfpga_lite/18.1/nios2eds/bin/gnu/h-x86_64-mingw32/bin/../lib/gcc/nios2-elf/5.3.0/mno-hw-mul\libgcc.a(muldf3.o)
 .debug_ranges  0x0000000000000220       0x30 c:/intelfpga_lite/18.1/nios2eds/bin/gnu/h-x86_64-mingw32/bin/../lib/gcc/nios2-elf/5.3.0/mno-hw-mul\libgcc.a(fixdfsi.o)
 .debug_ranges  0x0000000000000250       0x48 c:/intelfpga_lite/18.1/nios2eds/bin/gnu/h-x86_64-mingw32/bin/../lib/gcc/nios2-elf/5.3.0/mno-hw-mul\libgcc.a(extendsfdf2.o)
 .debug_ranges  0x0000000000000298       0x18 c:/intelfpga_lite/18.1/nios2eds/bin/gnu/h-x86_64-mingw32/bin/../lib/gcc/nios2-elf/5.3.0/mno-hw-mul\libgcc.a(_clzsi2.o)
 .debug_ranges  0x00000000000002b0       0x10 c:/intelfpga_lite/18.1/nios2eds/bin/gnu/h-x86_64-mingw32/bin/../lib/gcc/nios2-elf/5.3.0/../../../../../H-x86_64-mingw32/nios2-elf/lib/mno-hw-mul\libsmallc.a(lib_a-strlen.o)
 .debug_ranges  0x00000000000002c0       0x48 ../dog_sw_test3_bsp/\libhal_bsp.a(alt_load.o)
 .debug_ranges  0x0000000000000308       0x18 ../dog_sw_test3_bsp/\libhal_bsp.a(alt_sys_init.o)
 .debug_ranges  0x0000000000000320       0x20 ../dog_sw_test3_bsp/\libhal_bsp.a(alt_dev_llist_insert.o)
 .debug_ranges  0x0000000000000340       0x28 ../dog_sw_test3_bsp/\libhal_bsp.a(alt_irq_entry.o)
 .debug_ranges  0x0000000000000368       0x10 ../dog_sw_test3_bsp/\libhal_bsp.a(alt_irq_handler.o)
 .debug_ranges  0x0000000000000378       0x30 ../dog_sw_test3_bsp/\libhal_bsp.a(alt_exception_entry.o)
 .debug_ranges  0x00000000000003a8       0x18 ../dog_sw_test3_bsp/\libhal_bsp.a(alt_instruction_exception_entry.o)
